../Core/Inc/motion_metrics.h:40:20:MotionSlopeWindow_Update	8
../Core/Inc/motion_metrics.h:99:29:MotionMetrics_Update	4
../Core/Src/main.c:35:5:main	11
../Core/Src/main.c:194:13:FormatMetric	2
../Core/Src/main.c:208:5:ewma_filter_C	1
../Core/Src/main.c:216:13:UART_Send	1
../Core/Src/main.c:221:13:UART1_Init	2
../Core/Src/main.c:254:5:_write	1
../Core/Src/main.c:260:5:_read	1
../Core/Src/main.c:267:5:_fstat	1
../Core/Src/main.c:273:5:_lseek	1
../Core/Src/main.c:280:5:_isatty	1
../Core/Src/main.c:285:5:_close	1
../Core/Src/main.c:290:5:_getpid	1
../Core/Src/main.c:291:5:_kill	1
