../Core/Inc/motion_metrics.h:40:20:MotionSlopeWindow_Update	168	static
../Core/Inc/motion_metrics.h:99:29:MotionMetrics_Update	88	static
../Core/Inc/fall_detector.h:138:27:FallDetector_StateName	16	static
../Core/Inc/fall_detector.h:153:20:FallDetector_ClearBlock	16	static
../Core/Inc/fall_detector.h:163:20:FallDetector_ClearCandidate	16	static
../Core/Inc/fall_detector.h:180:20:FallDetector_Init	16	static
../Core/Inc/fall_detector.h:188:20:FallDetector_ManualReset	16	static
../Core/Inc/fall_detector.h:195:20:FallDetector_Baseline	64	static
../Core/Inc/fall_detector.h:218:20:FallDetector_AddBaseline	16	static
../Core/Inc/fall_detector.h:228:20:FallDetector_StartWarmup	16	static
../Core/Inc/fall_detector.h:240:39:FallDetector_ClassifyBlock	40	static
../Core/Inc/fall_detector.h:270:33:FallDetector_Update	120	static
../Core/Inc/alarm_button.h:20:20:AlarmButton_Init	40	static
../Core/Inc/alarm_button.h:29:20:AlarmButton_Update	24	static
../Core/Src/main.c:58:5:main	16	static,ignoring_inline_asm
../Core/Src/main.c:72:13:SystemClock_Config	104	static
../Core/Src/main.c:102:13:NetworkTask	16	static
../Core/Src/main.c:108:13:SensorTask	1504	static
../Core/Src/main.c:409:13:ResetMotionProcessing	24	static
../Core/Src/main.c:422:13:ReportDetectorStatus	568	static
../Core/Src/main.c:482:13:FormatMetric	40	static
../Core/Src/main.c:496:5:ewma_filter_C	32	static
../Core/Src/main.c:504:13:UART_Send	24	static
../Core/Src/main.c:513:6:vApplicationStackOverflowHook	16	static,ignoring_inline_asm
../Core/Src/main.c:520:6:vApplicationMallocFailedHook	4	static,ignoring_inline_asm
../Core/Src/main.c:526:13:UART1_Init	40	static
../Core/Src/main.c:559:5:_write	24	static
../Core/Src/main.c:565:5:_read	24	static
../Core/Src/main.c:572:5:_fstat	16	static
../Core/Src/main.c:578:5:_lseek	24	static
../Core/Src/main.c:585:5:_isatty	16	static
../Core/Src/main.c:590:5:_close	16	static
../Core/Src/main.c:595:5:_getpid	4	static
../Core/Src/main.c:596:5:_kill	16	static
