../Core/Inc/motion_metrics.h:38:20:MotionSlopeWindow_Update	8
../Core/Inc/motion_metrics.h:97:29:MotionMetrics_Update	4
../Core/Src/main.c:35:5:main	11
../Core/Src/main.c:196:13:FormatMetric	2
../Core/Src/main.c:210:5:ewma_filter_C	1
../Core/Src/main.c:218:13:UART_Send	1
../Core/Src/main.c:223:13:UART1_Init	2
../Core/Src/main.c:256:5:_write	1
../Core/Src/main.c:262:5:_read	1
../Core/Src/main.c:269:5:_fstat	1
../Core/Src/main.c:275:5:_lseek	1
../Core/Src/main.c:282:5:_isatty	1
../Core/Src/main.c:287:5:_close	1
../Core/Src/main.c:292:5:_getpid	1
../Core/Src/main.c:293:5:_kill	1
